<!DOCTYPE html>
<html lang="ja">
<head>
  <meta charset="UTF-8">
  <meta name="viewport" content="width=device-width, initial-scale=1">

  
    <meta name="robots" content="noindex">
  

  <title>
    
      【expected】の意味・使い方・例文 ― anticipatedとの違い【TOEIC英単語】｜あいたん！
    
  </title>

  
    <meta name="description" content="expectedの意味・使い方・TOEICでの出題傾向をやさしく解説。例文・クイズ付きでanticipatedとの違いもわかりやすく学べます。">
  

  
  <meta property="og:type" content="article">
  <meta property="og:title" content="【expected】の意味・使い方・例文 ― anticipatedとの違い【TOEIC英単語】｜あいたん！">
  <meta property="og:description" content="expectedの意味・使い方・TOEICでの出題傾向をやさしく解説。例文・クイズ付きでanticipatedとの違いもわかりやすく学べます。">
  <meta property="og:url" content="https://www.ai-tan.jp/word/expected/">
  <meta property="og:image" content="https://ai-tan.jp/images/default-ogp.png">

  
  <meta name="twitter:card" content="summary_large_image">
  <meta name="twitter:title" content="【expected】の意味・使い方・例文 ― anticipatedとの違い【TOEIC英単語】｜あいたん！">
  <meta name="twitter:description" content="expectedの意味・使い方・TOEICでの出題傾向をやさしく解説。例文・クイズ付きでanticipatedとの違いもわかりやすく学べます。">
  <meta name="twitter:image" content="https://ai-tan.jp/images/default-ogp.png">
  
  <link rel="stylesheet" href="/css/base.css">
  
  
  <script async src="https://www.googletagmanager.com/gtag/js?id=G-VQ1MQLJM8G"></script>
  <script>
    window.dataLayer = window.dataLayer || [];
    function gtag(){dataLayer.push(arguments);}
    gtag('js', new Date());
  
    gtag('config', 'G-VQ1MQLJM8G', {
      anonymize_ip: true
    });
  </script>
  
    <link rel="icon" href="/favicon.ico">
  </head>
  

<body>
  <header class="site-header">
    <div class="site-header-inner">
      <a href="/" class="site-title-link">
        <div class="site-title">あいたん！</div>
        <div class="site-subtitle">AI × 英単語 = 合格🌸</div>
      </a>
    </div>
  </header>
  
  
  <main class="fade-in">
    
<article>
  <h1>【expected】の意味・使い方・例文 ― anticipatedとの違い【TOEIC英単語】</h1>
  <hr>
  <div>
    <h2 id="-expectedの発音と意味">🔰 expectedの発音と意味</h2>
<button class="play-audio" onclick="playTTS('expected')">
  <span class="play-audio-main">
    ▶️ 発音を再生　/ɪkˈspɛktɪd/
  </span>
  <span class="play-audio-sub">
    （イクスペクティッド）
  </span>
</button>
<p>[形容詞] 予想された、期待された</p>
<p><strong>expected</strong> は、「予想された」「当然と考えられる」「予定された」といった意味で使われます。<br>
ビジネスや日常会話で「予想通り」「予定通り」と伝えたいときによく使われます。</p>
<p>語源はラテン語の「ex-（外へ）」＋「spectare（見る）」から来ており、「前もって見る＝予想する」という意味合いが含まれています。</p>
<p>他の品詞：</p>
<ul>
<li>expect：期待する、予期する（動詞）</li>
<li>expectation：期待、予想（名詞）</li>
</ul>
<hr>
<h2 id="-expectedの例文">✏️ expectedの例文</h2>
<p>【日常会話】<br>
The test was easier than expected.<br>
　テストは思ったより簡単だった。</p>
<p>【ビジネス英語】<br>
The project was completed earlier than expected.<br>
　プロジェクトは予想より早く完了しました。</p>
<hr>
<h2 id="-toeicの出題頻度と傾向">🎯 TOEICの出題頻度と傾向</h2>
<ul>
<li>難易度：★★☆☆☆</li>
<li>出題パート：Part 5（文法・語彙問題）</li>
</ul>
<p>TOEICでは「as expected」「expected results」など、予定や予想に関する表現で頻出します。形容詞として空所補充問題によく出題されます。</p>
<hr>
<h2 id="-クイズに挑戦">❓ クイズに挑戦！</h2>
<p>正しい使い方はどっち？</p>
<ol>
<li>The meeting lasted longer than expected.</li>
<li>The meeting lasted longer than expecting.</li>
</ol>
<hr>
<h2 id="-クイズの答えと解説">✅ クイズの答えと解説</h2>
<ul>
<li>正解：<strong>1</strong></li>
<li>解説：「than expected」で「予想よりも」という意味になるため、expectedが正しいです。</li>
</ul>
<p>少し迷ったあなたも、<br>
カンタンだったあなたも、<br>
学ぶ喜びを感じよう👇️</p>
<hr>
<h2 id="-今が英語力を伸ばすチャンス-pr">🚀 今が英語力を伸ばすチャンス！ (PR)</h2>
<div class="info-center">
＼成果を出す学習習慣／<br>  
（おすすめ情報予定）
</div>
<hr>
<h2 id="--anticipated-との違いは">🤔  anticipated との違いは？</h2>
<ul>
<li><strong>expected</strong>：一般的に「予想された」「当然と考えられる」</li>
<li><strong><a href="/word/anticipated/">anticipated</a></strong>：特に「期待を込めて予想された」「待ち望まれた」</li>
</ul>
<p>expectedは中立的な「予想」、anticipatedは「楽しみにしている」などポジティブな期待を含む場合が多いです。</p>
<hr>
<h2 id="-あわせて覚えたい">🧩 あわせて覚えたい</h2>
<ul>
<li><a href="/word/unexpected/">unexpected</a>：予想外の</li>
<li><a href="/word/predictable/">predictable</a>：予測できる</li>
</ul>
<hr>
<h2 id="-できればこれも">📖 できればこれも</h2>
<ul>
<li><a href="/word/required/">required</a>：必要とされる</li>
<li><a href="/word/scheduled/">scheduled</a>：予定された</li>
</ul>
<!-- cvid: aid32_bid26 -->

  </div>

  
  <hr>
  <div class="tags-footer">
    <p>🏷️ 関連タグ</p>
    <div class="tags-footer-links">
      
        <a href="/tags/%E5%BD%A2%E5%AE%B9%E8%A9%9E/">#形容詞</a>
      
        <a href="/tags/part5/">#Part5</a>
      
        <a href="/tags/%E4%B8%AD%E7%AB%8B%E7%9A%84/">#中立的</a>
      
        <a href="/tags/%E3%83%93%E3%82%B8%E3%83%8D%E3%82%B9/">#ビジネス</a>
      
        <a href="/tags/%E4%BC%9A%E8%AD%B0/">#会議</a>
      
    </div>
    <p class="last-update">最終更新：2025年5月4日</p>
  </div>
  
</article>

  </main>

  <footer class="site-footer">
    <p>
      <a href="/privacy/">プライバシーポリシー</a> |
      <a href="/contact/">お問い合わせ</a>
    </p>
    <p>© あいたん！ All rights reserved.</p>
  </footer>




  <script src="/js/tts.js" defer></script>


</body>
</html>
