<!doctype html><html lang=ja><head><meta charset=UTF-8><meta name=viewport content="width=device-width,initial-scale=1"><meta name=robots content="noindex"><title>【golden】の意味・使い方・例文 ― gildedとの違い【TOEIC英単語】｜あいたん！
</title><meta name=description content="goldenの意味・使い方・TOEICでの出題傾向をやさしく解説。例文・クイズ付きでgildedとの違いもわかりやすく学べます。"><meta property="og:type" content="article"><meta property="og:title" content="【golden】の意味・使い方・例文 ― gildedとの違い【TOEIC英単語】｜あいたん！"><meta property="og:description" content="goldenの意味・使い方・TOEICでの出題傾向をやさしく解説。例文・クイズ付きでgildedとの違いもわかりやすく学べます。"><meta property="og:url" content="https://www.ai-tan.jp/word/golden/"><meta property="og:image" content="https://ai-tan.jp/images/default-ogp.png"><meta name=twitter:card content="summary_large_image"><meta name=twitter:title content="【golden】の意味・使い方・例文 ― gildedとの違い【TOEIC英単語】｜あいたん！"><meta name=twitter:description content="goldenの意味・使い方・TOEICでの出題傾向をやさしく解説。例文・クイズ付きでgildedとの違いもわかりやすく学べます。"><meta name=twitter:image content="https://ai-tan.jp/images/default-ogp.png"><link rel=stylesheet href=/css/base.css media=all><script defer src="https://www.googletagmanager.com/gtag/js?id=G-VQ1MQLJM8G"></script><script>window.dataLayer=window.dataLayer||[];function gtag(){dataLayer.push(arguments)}gtag("js",new Date),gtag("config","G-VQ1MQLJM8G",{anonymize_ip:!0})</script><script src=/js/accordion.js defer></script><link rel=icon href=/favicon.ico></head><body><header class=site-header><div class=site-header-inner><a href=/ class=site-title-link><div class=site-title>あいたん！</div><div class=site-subtitle>AI × 英単語 = 合格🌸</div></a></div></header><main class=fade-in><article><h1>【golden】の意味・使い方・例文 ― gildedとの違い【TOEIC英単語】</h1><hr><div><h2 id=-goldenの発音と意味>🔰 goldenの発音と意味</h2><button class=play-audio onclick='playTTS("golden")'>
<span class=play-audio-main>▶️ 発音を再生　/ˈɡoʊldən/
</span><span class=play-audio-sub>（ゴウドゥン）</span></button><p>[形容詞] 金色の<br>[形容詞] 貴重な<br>[形容詞] 絶好の</p><p>金色をしている様子や、非常に価値がある、または絶好の機会などを表す言葉です。見た目の色だけでなく、比喩的に使われることも多いです。</p><p>この単語は古英語の“golden”に由来し、“gold（金）”に形容詞化の接尾辞“-en”が付いた構成です。もともとは「金でできた」「金色の」という意味から、比喩的に「貴重な」「素晴らしい」という意味も持つようになりました。</p><hr><h2 id=-goldenの例文>✏️ goldenの例文</h2><p>【日常会話】<br>She wore a golden dress to the party.<br>　彼女はパーティーに金色のドレスを着ていきました。</p><p>This is a golden opportunity for you.<br>　これはあなたにとって絶好の機会です。</p><p>【ビジネス英語】<br>The company is experiencing a golden period of growth thanks to its innovative products and strong leadership.<br>　その会社は革新的な製品と強力なリーダーシップのおかげで、成長の黄金期を迎えています。</p><hr><h2 id=-toeicの出題頻度と傾向>🎯 TOEICの出題頻度と傾向</h2><ul><li>難易度：★★☆☆☆</li><li>出題パート：Part1（写真描写問題）</li></ul><p>Part1では色や物の説明、Part3やPart4では比喩的な表現として出題されることがあります。見た目と比喩の両方の意味に注意が必要です。</p><hr><h2 id=-クイズに挑戦>❓ クイズに挑戦！</h2><p>自然な使い方はどっち？</p><ol><li>The golden sunset made the sky look beautiful.</li><li>The golden quickly ran across the street.</li></ol><hr><h2 id=-クイズの答えと解説>✅ クイズの答えと解説</h2><ul><li>正解：<strong>1</strong></li><li>解説：1は「golden」が夕焼けの色を表しており正しいです。2は「golden」が名詞や動詞のように使われており不自然です。</li></ul><p>少し迷ったあなたも、<br>カンタンだったあなたも、<br>理解の波を逃さずに👇️</p><hr><h2 id=-今が英語力を伸ばすチャンス-pr>🚀 今が英語力を伸ばすチャンス！ (PR)</h2><div class=info-center>＼学び方で差がつく／<br><a href="https://px.a8.net/svt/ejp?a8mat=4556RW+FUYPWY+3AQG+BWVTE" class=info-link data-cvid=aid14_bid15 data-difficulty=2 rel=nofollow>スタディサプリ ENGLISH</a>
<img border=0 width=1 height=1 src="https://www17.a8.net/0.gif?a8mat=4556RW+FUYPWY+3AQG+BWVTE" alt><br><a href="https://px.a8.net/svt/ejp?a8mat=4556RW+FUYPWY+3AQG+C7LM9" class=info-link data-cvid=aid14_bid15 data-difficulty=2 rel=nofollow><img border=0 width=320 height=50 alt src="https://www27.a8.net/svt/bgt?aid=250504844959&wid=001&eno=01&mid=s00000015388002051000&mc=1"></a>
<img border=0 width=1 height=1 src="https://www14.a8.net/0.gif?a8mat=4556RW+FUYPWY+3AQG+C7LM9" alt></div><hr><h2 id=--gilded-との違いは>🤔 gilded との違いは？</h2><ul><li><strong>golden</strong>：美しさや価値の高さ、特別な機会を強調するやわらかく肯定的な響きがあります。</li><li><strong><a href=/word/gilded/>gilded</a></strong>：見た目が金で覆われていることを強調し、実際に金でできているかのような印象を与えます。</li></ul><p>goldenは比喩的に「価値が高い」「絶好の」といった前向きな意味で使われることが多いですが、gildedは表面だけが金で覆われていることを強調し、中身の価値には触れません。</p><hr><h2 id=-あわせて覚えたい>🧩 あわせて覚えたい</h2><ul><li><a href=/word/shiny/>shiny</a>（輝く）</li><li><a href=/word/precious/>precious</a>（貴重な）</li></ul><hr><h2 id=-できればこれも>📖 できればこれも</h2><ul><li><a href=/word/silver/>silver</a>（銀色）</li><li><a href=/word/brilliant/>brilliant</a>（輝かしい）</li></ul></div><hr><div class=tags-footer><p>🏷️ 関連タグ</p><div class=tags-footer-links><a href=/tags/%E5%BD%A2%E5%AE%B9%E8%A9%9E/>#形容詞</a>
<a href=/tags/part1/>#Part1</a>
<a href=/tags/%E8%82%AF%E5%AE%9A%E7%9A%84/>#肯定的</a>
<a href=/tags/%E3%83%93%E3%82%B8%E3%83%8D%E3%82%B9/>#ビジネス</a>
<a href=/tags/%E8%AA%AC%E6%98%8E/>#説明</a></div><p class=last-update>最終更新：2025年5月18日</p></div></article></main><footer class=site-footer><p><a href=/privacy/>プライバシーポリシー</a> |
<a href=/contact/>お問い合わせ</a></p><p>© あいたん！ All rights reserved.</p></footer><script src=/js/tts.js defer></script></body></html>